Archive member included because of file (symbol)

/opt/pic32mx/lib/libc.a(putchar.o)
                              ex5.o (putchar)
/opt/pic32mx/lib/libc.a(printf.o)
                              ex5.o (printf)
/opt/pic32mx/lib/libc.a(scanf.o)
                              ex5.o (scanf)
/opt/pic32mx/lib/libc.a(_iob.o)
                              /opt/pic32mx/lib/libc.a(putchar.o) (_iob)
/opt/pic32mx/lib/libc.a(_fputc_simple.o)
                              /opt/pic32mx/lib/libc.a(putchar.o) (fputc)
/opt/pic32mx/lib/libc.a(doscan.o)
                              /opt/pic32mx/lib/libc.a(scanf.o) (vfscanf)
/opt/pic32mx/lib/libc.a(strtof.o)
                              /opt/pic32mx/lib/libc.a(doscan.o) (strtof)
/opt/pic32mx/lib/libc.a(strtod.o)
                              /opt/pic32mx/lib/libc.a(doscan.o) (_dstrtod)
/opt/pic32mx/lib/libc.a(ungetc.o)
                              /opt/pic32mx/lib/libc.a(doscan.o) (ungetc)
/opt/pic32mx/lib/libc.a(doprnt.o)
                              /opt/pic32mx/lib/libc.a(printf.o) (vfprintf)
/opt/pic32mx/lib/libc.a(write.o)
                              /opt/pic32mx/lib/libc.a(_fputc_simple.o) (write)
/opt/pic32mx/lib/libc.a(_flsbuf_simple.o)
                              /opt/pic32mx/lib/libc.a(_fputc_simple.o) (_flsbuf)
/opt/pic32mx/lib/libc.a(fgetc.o)
                              /opt/pic32mx/lib/libc.a(doscan.o) (fgetc)
/opt/pic32mx/lib/libc.a(atoi.o)
                              /opt/pic32mx/lib/libc.a(doscan.o) (atoi)
/opt/pic32mx/lib/libc.a(ctype.o)
                              /opt/pic32mx/lib/libc.a(doscan.o) (_ctype)
/opt/pic32mx/lib/libc.a(ctypef.o)
                              /opt/pic32mx/lib/libc.a(doscan.o) (tolower)
/opt/pic32mx/lib/libc.a(powers.o)
                              /opt/pic32mx/lib/libc.a(doprnt.o) (_npowers_)
/opt/pic32mx/lib/libc.a(_mon_putc.o)
                              /opt/pic32mx/lib/libc.a(write.o) (_mon_putc)
/opt/pic32mx/lib/libc.a(filbuf.o)
                              /opt/pic32mx/lib/libc.a(fgetc.o) (_filbuf)
/opt/pic32mx/lib/libc.a(fflush.o)
                              /opt/pic32mx/lib/libc.a(filbuf.o) (fflush)
/opt/pic32mx/lib/libc.a(c32_uart.o)
                              /opt/pic32mx/lib/libc.a(_mon_putc.o) (__C32_UART)
/opt/pic32mx/lib/libc.a(read.o)
                              /opt/pic32mx/lib/libc.a(filbuf.o) (read)
/opt/pic32mx/lib/libxcpp.a(frexpf.o)
                              /opt/pic32mx/lib/libc.a(doprnt.o) (frexpf)
/opt/pic32mx/lib/libxcpp.a(xfdunsca.o)
                              /opt/pic32mx/lib/libxcpp.a(frexpf.o) (_FDunscale)
/opt/pic32mx/lib/libxcpp.a(xfdnorm.o)
                              /opt/pic32mx/lib/libxcpp.a(xfdunsca.o) (_FDnorm)

Allocating common symbols
Common symbol       size              file

_sibuf              0x20              /opt/pic32mx/lib/libc.a(_iob.o)
_outdone            0x1               /opt/pic32mx/lib/libc.a(_iob.o)
_sobuf              0x20              /opt/pic32mx/lib/libc.a(_iob.o)

Microchip PIC32 Memory-Usage Report

kseg0 Program-Memory Usage
section                    address  length [bytes]      (dec)  Description
-------                 ----------  -------------------------  -----------
.text                   0x9d001400         0x3904       14596  Application's executable code 
.rodata                 0x9d004d08          0x8c8        2248  Read-only constant data 
.data                   0x9d0055d0           0xa0         160  Data-initialization template 
.sdata                  0x9d005670            0x8           8  Small data-initialization template 
      Total kseg0_program_mem used  :      0x4274       17012  3.3% of 0x7ec00

kseg0 Boot-Memory Usage
section                    address  length [bytes]      (dec)  Description
-------                 ----------  -------------------------  -----------
.startup                0x9d001000          0x2b0         688  C startup code 
         Total kseg0_boot_mem used  :       0x2b0         688  68.3% of 0x3f0

Exception-Memory Usage 
section                    address  length [bytes]      (dec)  Description
-------                 ----------  -------------------------  -----------
.app_excpt              0x9d000180           0x14          20  General-Exception handler 
          Total exception_mem used  :        0x14          20  0.5% of 0x1000

kseg1 Boot-Memory Usage
section                    address  length [bytes]      (dec)  Description
-------                 ----------  -------------------------  -----------
         Total kseg1_boot_mem used  :           0           0  <1% of 0x490
        --------------------------------------------------------------------------
         Total Program Memory used  :      0x4538       17720  3.4% of 0x80480
        --------------------------------------------------------------------------


kseg1 Data-Memory Usage
section                    address  length [bytes]      (dec)  Description
-------                 ----------  -------------------------  -----------
.data                   0xa0000000           0xa0         160  Initialized data 
.sdata                  0xa00000a0            0x8           8  Small initialized data 
.sbss                   0xa00000a8            0x5           5  Small uninitialized data 
.bss                    0xa00000b0           0x40          64  Uninitialized data 
.stack                  0xa00000f0         0x2000        8192  Minimum space reserved for stack 
         Total kseg1_data_mem used  :      0x20ed        8429  6.4% of 0x20000
        --------------------------------------------------------------------------
            Total Data Memory used  :      0x20ed        8429  6.4% of 0x20000
        --------------------------------------------------------------------------

Memory Configuration

Name             Origin             Length             Attributes
kseg0_program_mem 0x000000009d001400 0x000000000007ec00 xr
kseg0_boot_mem   0x000000009d001000 0x00000000000003f0
exception_mem    0x000000009d000000 0x0000000000001000
kseg1_boot_mem   0x00000000bfc00000 0x0000000000000490
debug_exec_mem   0x00000000bfc02000 0x0000000000000ff0
config3          0x00000000bfc02ff0 0x0000000000000004
config2          0x00000000bfc02ff4 0x0000000000000004
config1          0x00000000bfc02ff8 0x0000000000000004
config0          0x00000000bfc02ffc 0x0000000000000004
kseg1_data_mem   0x00000000a0000000 0x0000000000020000 w !x
sfrs             0x00000000bf800000 0x0000000000100000
*default*        0x0000000000000000 0xffffffffffffffff

Linker script and memory map

LOAD ex5.o
LOAD /opt/pic32mx/lib/libdetpic32.a
LOAD /opt/pic32mx/lib/gcc/pic32mx/3.4.4/libgcc.a
LOAD /opt/pic32mx/lib/libm.a
LOAD /opt/pic32mx/lib/libc.a
LOAD /opt/pic32mx/lib/libsupc++.a
LOAD /opt/pic32mx/lib/libxcpp.a
                0x0000000000000400                PROVIDE (_min_stack_size, 0x400)
                0x0000000000000000                PROVIDE (_min_heap_size, 0x0)
LOAD /opt/pic32mx/lib/startup.o
                0x0000000000000001                PROVIDE (_vector_spacing, 0x1)
                0x000000009d000000                _ebase_address = 0x9d000000
                0x0000000000000001                _vector_spacing = 0x1
                0x000000009d001800                _reset = 0x9d001800
                0x0000000000002000                _min_stack_size = 0x2000
                0x0000000000000000                _min_heap_size = 0x0
                0x00000000bfc00000                _RESET_ADDR = 0xbfc00000
                0x00000000bfc00380                _BEV_EXCPT_ADDR = 0xbfc00380
                0x00000000bfc00480                _DBG_EXCPT_ADDR = 0xbfc00480
                0x00000000bfc02000                _DBG_CODE_ADDR = 0xbfc02000
                0x000000009d000180                _GEN_EXCPT_ADDR = (_ebase_address + 0x180)

.config_BFC02FF0
 *(.config_BFC02FF0)

.config_BFC02FF4
 *(.config_BFC02FF4)

.config_BFC02FF8
 *(.config_BFC02FF8)

.config_BFC02FFC
 *(.config_BFC02FFC)

.startup        0x000000009d001000      0x2b0
 *(.startup)
 .startup       0x000000009d001000      0x2b0 /opt/pic32mx/lib/startup.o
                0x000000009d001000                startup
 *(.startup)

.reset
 *(.reset)

.bev_excpt
 *(.bev_handler)

.dbg_excpt      0x00000000bfc00480        0x0
                0x00000000bfc00480                . = (. + DEFINED (_DEBUGGER)?0x8:0x0)

.dbg_code       0x00000000bfc02000        0x0
                0x00000000bfc02000                . = (. + DEFINED (_DEBUGGER)?0xff0:0x0)

.app_excpt      0x000000009d000180       0x14
 *(.gen_handler)
 .gen_handler   0x000000009d000180       0x14 /opt/pic32mx/lib/startup.o

.vector_0       0x000000009d000200        0x0
 *(.vector_0)
                0x0000000000000001                ASSERT (((_vector_spacing == 0x0) || (SIZEOF (.vector_0) <= (_vector_spacing << 0x5))), function at exception vector 0 too large)

.vector_1       0x000000009d000220        0x0
 *(.vector_1)
                0x0000000000000001                ASSERT (((_vector_spacing == 0x0) || (SIZEOF (.vector_1) <= (_vector_spacing << 0x5))), function at exception vector 1 too large)

.vector_2       0x000000009d000240        0x0
 *(.vector_2)
                0x0000000000000001                ASSERT (((_vector_spacing == 0x0) || (SIZEOF (.vector_2) <= (_vector_spacing << 0x5))), function at exception vector 2 too large)

.vector_3       0x000000009d000260        0x0
 *(.vector_3)
                0x0000000000000001                ASSERT (((_vector_spacing == 0x0) || (SIZEOF (.vector_3) <= (_vector_spacing << 0x5))), function at exception vector 3 too large)

.vector_4       0x000000009d000280        0x0
 *(.vector_4)
                0x0000000000000001                ASSERT (((_vector_spacing == 0x0) || (SIZEOF (.vector_4) <= (_vector_spacing << 0x5))), function at exception vector 4 too large)

.vector_5       0x000000009d0002a0        0x0
 *(.vector_5)
                0x0000000000000001                ASSERT (((_vector_spacing == 0x0) || (SIZEOF (.vector_5) <= (_vector_spacing << 0x5))), function at exception vector 5 too large)

.vector_6       0x000000009d0002c0        0x0
 *(.vector_6)
                0x0000000000000001                ASSERT (((_vector_spacing == 0x0) || (SIZEOF (.vector_6) <= (_vector_spacing << 0x5))), function at exception vector 6 too large)

.vector_7       0x000000009d0002e0        0x0
 *(.vector_7)
                0x0000000000000001                ASSERT (((_vector_spacing == 0x0) || (SIZEOF (.vector_7) <= (_vector_spacing << 0x5))), function at exception vector 7 too large)

.vector_8       0x000000009d000300        0x0
 *(.vector_8)
                0x0000000000000001                ASSERT (((_vector_spacing == 0x0) || (SIZEOF (.vector_8) <= (_vector_spacing << 0x5))), function at exception vector 8 too large)

.vector_9       0x000000009d000320        0x0
 *(.vector_9)
                0x0000000000000001                ASSERT (((_vector_spacing == 0x0) || (SIZEOF (.vector_9) <= (_vector_spacing << 0x5))), function at exception vector 9 too large)

.vector_10      0x000000009d000340        0x0
 *(.vector_10)
                0x0000000000000001                ASSERT (((_vector_spacing == 0x0) || (SIZEOF (.vector_10) <= (_vector_spacing << 0x5))), function at exception vector 10 too large)

.vector_11      0x000000009d000360        0x0
 *(.vector_11)
                0x0000000000000001                ASSERT (((_vector_spacing == 0x0) || (SIZEOF (.vector_11) <= (_vector_spacing << 0x5))), function at exception vector 11 too large)

.vector_12      0x000000009d000380        0x0
 *(.vector_12)
                0x0000000000000001                ASSERT (((_vector_spacing == 0x0) || (SIZEOF (.vector_12) <= (_vector_spacing << 0x5))), function at exception vector 12 too large)

.vector_13      0x000000009d0003a0        0x0
 *(.vector_13)
                0x0000000000000001                ASSERT (((_vector_spacing == 0x0) || (SIZEOF (.vector_13) <= (_vector_spacing << 0x5))), function at exception vector 13 too large)

.vector_14      0x000000009d0003c0        0x0
 *(.vector_14)
                0x0000000000000001                ASSERT (((_vector_spacing == 0x0) || (SIZEOF (.vector_14) <= (_vector_spacing << 0x5))), function at exception vector 14 too large)

.vector_15      0x000000009d0003e0        0x0
 *(.vector_15)
                0x0000000000000001                ASSERT (((_vector_spacing == 0x0) || (SIZEOF (.vector_15) <= (_vector_spacing << 0x5))), function at exception vector 15 too large)

.vector_16      0x000000009d000400        0x0
 *(.vector_16)
                0x0000000000000001                ASSERT (((_vector_spacing == 0x0) || (SIZEOF (.vector_16) <= (_vector_spacing << 0x5))), function at exception vector 16 too large)

.vector_17      0x000000009d000420        0x0
 *(.vector_17)
                0x0000000000000001                ASSERT (((_vector_spacing == 0x0) || (SIZEOF (.vector_17) <= (_vector_spacing << 0x5))), function at exception vector 17 too large)

.vector_18      0x000000009d000440        0x0
 *(.vector_18)
                0x0000000000000001                ASSERT (((_vector_spacing == 0x0) || (SIZEOF (.vector_18) <= (_vector_spacing << 0x5))), function at exception vector 18 too large)

.vector_19      0x000000009d000460        0x0
 *(.vector_19)
                0x0000000000000001                ASSERT (((_vector_spacing == 0x0) || (SIZEOF (.vector_19) <= (_vector_spacing << 0x5))), function at exception vector 19 too large)

.vector_20      0x000000009d000480        0x0
 *(.vector_20)
                0x0000000000000001                ASSERT (((_vector_spacing == 0x0) || (SIZEOF (.vector_20) <= (_vector_spacing << 0x5))), function at exception vector 20 too large)

.vector_21      0x000000009d0004a0        0x0
 *(.vector_21)
                0x0000000000000001                ASSERT (((_vector_spacing == 0x0) || (SIZEOF (.vector_21) <= (_vector_spacing << 0x5))), function at exception vector 21 too large)

.vector_22      0x000000009d0004c0        0x0
 *(.vector_22)
                0x0000000000000001                ASSERT (((_vector_spacing == 0x0) || (SIZEOF (.vector_22) <= (_vector_spacing << 0x5))), function at exception vector 22 too large)

.vector_23      0x000000009d0004e0        0x0
 *(.vector_23)
                0x0000000000000001                ASSERT (((_vector_spacing == 0x0) || (SIZEOF (.vector_23) <= (_vector_spacing << 0x5))), function at exception vector 23 too large)

.vector_24      0x000000009d000500        0x0
 *(.vector_24)
                0x0000000000000001                ASSERT (((_vector_spacing == 0x0) || (SIZEOF (.vector_24) <= (_vector_spacing << 0x5))), function at exception vector 24 too large)

.vector_25      0x000000009d000520        0x0
 *(.vector_25)
                0x0000000000000001                ASSERT (((_vector_spacing == 0x0) || (SIZEOF (.vector_25) <= (_vector_spacing << 0x5))), function at exception vector 25 too large)

.vector_26      0x000000009d000540        0x0
 *(.vector_26)
                0x0000000000000001                ASSERT (((_vector_spacing == 0x0) || (SIZEOF (.vector_26) <= (_vector_spacing << 0x5))), function at exception vector 26 too large)

.vector_27      0x000000009d000560        0x0
 *(.vector_27)
                0x0000000000000001                ASSERT (((_vector_spacing == 0x0) || (SIZEOF (.vector_27) <= (_vector_spacing << 0x5))), function at exception vector 27 too large)

.vector_28      0x000000009d000580        0x0
 *(.vector_28)
                0x0000000000000001                ASSERT (((_vector_spacing == 0x0) || (SIZEOF (.vector_28) <= (_vector_spacing << 0x5))), function at exception vector 28 too large)

.vector_29      0x000000009d0005a0        0x0
 *(.vector_29)
                0x0000000000000001                ASSERT (((_vector_spacing == 0x0) || (SIZEOF (.vector_29) <= (_vector_spacing << 0x5))), function at exception vector 29 too large)

.vector_30      0x000000009d0005c0        0x0
 *(.vector_30)
                0x0000000000000001                ASSERT (((_vector_spacing == 0x0) || (SIZEOF (.vector_30) <= (_vector_spacing << 0x5))), function at exception vector 30 too large)

.vector_31      0x000000009d0005e0        0x0
 *(.vector_31)
                0x0000000000000001                ASSERT (((_vector_spacing == 0x0) || (SIZEOF (.vector_31) <= (_vector_spacing << 0x5))), function at exception vector 31 too large)

.vector_32      0x000000009d000600        0x0
 *(.vector_32)
                0x0000000000000001                ASSERT (((_vector_spacing == 0x0) || (SIZEOF (.vector_32) <= (_vector_spacing << 0x5))), function at exception vector 32 too large)

.vector_33      0x000000009d000620        0x0
 *(.vector_33)
                0x0000000000000001                ASSERT (((_vector_spacing == 0x0) || (SIZEOF (.vector_33) <= (_vector_spacing << 0x5))), function at exception vector 33 too large)

.vector_34      0x000000009d000640        0x0
 *(.vector_34)
                0x0000000000000001                ASSERT (((_vector_spacing == 0x0) || (SIZEOF (.vector_34) <= (_vector_spacing << 0x5))), function at exception vector 34 too large)

.vector_35      0x000000009d000660        0x0
 *(.vector_35)
                0x0000000000000001                ASSERT (((_vector_spacing == 0x0) || (SIZEOF (.vector_35) <= (_vector_spacing << 0x5))), function at exception vector 35 too large)

.vector_36      0x000000009d000680        0x0
 *(.vector_36)
                0x0000000000000001                ASSERT (((_vector_spacing == 0x0) || (SIZEOF (.vector_36) <= (_vector_spacing << 0x5))), function at exception vector 36 too large)

.vector_37      0x000000009d0006a0        0x0
 *(.vector_37)
                0x0000000000000001                ASSERT (((_vector_spacing == 0x0) || (SIZEOF (.vector_37) <= (_vector_spacing << 0x5))), function at exception vector 37 too large)

.vector_38      0x000000009d0006c0        0x0
 *(.vector_38)
                0x0000000000000001                ASSERT (((_vector_spacing == 0x0) || (SIZEOF (.vector_38) <= (_vector_spacing << 0x5))), function at exception vector 38 too large)

.vector_39      0x000000009d0006e0        0x0
 *(.vector_39)
                0x0000000000000001                ASSERT (((_vector_spacing == 0x0) || (SIZEOF (.vector_39) <= (_vector_spacing << 0x5))), function at exception vector 39 too large)

.vector_40      0x000000009d000700        0x0
 *(.vector_40)
                0x0000000000000001                ASSERT (((_vector_spacing == 0x0) || (SIZEOF (.vector_40) <= (_vector_spacing << 0x5))), function at exception vector 40 too large)

.vector_41      0x000000009d000720        0x0
 *(.vector_41)
                0x0000000000000001                ASSERT (((_vector_spacing == 0x0) || (SIZEOF (.vector_41) <= (_vector_spacing << 0x5))), function at exception vector 41 too large)

.vector_42      0x000000009d000740        0x0
 *(.vector_42)
                0x0000000000000001                ASSERT (((_vector_spacing == 0x0) || (SIZEOF (.vector_42) <= (_vector_spacing << 0x5))), function at exception vector 42 too large)

.vector_43      0x000000009d000760        0x0
 *(.vector_43)
                0x0000000000000001                ASSERT (((_vector_spacing == 0x0) || (SIZEOF (.vector_43) <= (_vector_spacing << 0x5))), function at exception vector 43 too large)

.vector_44      0x000000009d000780        0x0
 *(.vector_44)
                0x0000000000000001                ASSERT (((_vector_spacing == 0x0) || (SIZEOF (.vector_44) <= (_vector_spacing << 0x5))), function at exception vector 44 too large)

.vector_45      0x000000009d0007a0        0x0
 *(.vector_45)
                0x0000000000000001                ASSERT (((_vector_spacing == 0x0) || (SIZEOF (.vector_45) <= (_vector_spacing << 0x5))), function at exception vector 45 too large)

.vector_46      0x000000009d0007c0        0x0
 *(.vector_46)
                0x0000000000000001                ASSERT (((_vector_spacing == 0x0) || (SIZEOF (.vector_46) <= (_vector_spacing << 0x5))), function at exception vector 46 too large)

.vector_47      0x000000009d0007e0        0x0
 *(.vector_47)
                0x0000000000000001                ASSERT (((_vector_spacing == 0x0) || (SIZEOF (.vector_47) <= (_vector_spacing << 0x5))), function at exception vector 47 too large)

.vector_48      0x000000009d000800        0x0
 *(.vector_48)
                0x0000000000000001                ASSERT (((_vector_spacing == 0x0) || (SIZEOF (.vector_48) <= (_vector_spacing << 0x5))), function at exception vector 48 too large)

.vector_49      0x000000009d000820        0x0
 *(.vector_49)
                0x0000000000000001                ASSERT (((_vector_spacing == 0x0) || (SIZEOF (.vector_49) <= (_vector_spacing << 0x5))), function at exception vector 49 too large)

.vector_50      0x000000009d000840        0x0
 *(.vector_50)
                0x0000000000000001                ASSERT (((_vector_spacing == 0x0) || (SIZEOF (.vector_50) <= (_vector_spacing << 0x5))), function at exception vector 50 too large)

.vector_51      0x000000009d000860        0x0
 *(.vector_51)
                0x0000000000000001                ASSERT (((_vector_spacing == 0x0) || (SIZEOF (.vector_51) <= (_vector_spacing << 0x5))), function at exception vector 51 too large)

.vector_52      0x000000009d000880        0x0
 *(.vector_52)
                0x0000000000000001                ASSERT (((_vector_spacing == 0x0) || (SIZEOF (.vector_52) <= (_vector_spacing << 0x5))), function at exception vector 52 too large)

.vector_53      0x000000009d0008a0        0x0
 *(.vector_53)
                0x0000000000000001                ASSERT (((_vector_spacing == 0x0) || (SIZEOF (.vector_53) <= (_vector_spacing << 0x5))), function at exception vector 53 too large)

.vector_54      0x000000009d0008c0        0x0
 *(.vector_54)
                0x0000000000000001                ASSERT (((_vector_spacing == 0x0) || (SIZEOF (.vector_54) <= (_vector_spacing << 0x5))), function at exception vector 54 too large)

.vector_55      0x000000009d0008e0        0x0
 *(.vector_55)
                0x0000000000000001                ASSERT (((_vector_spacing == 0x0) || (SIZEOF (.vector_55) <= (_vector_spacing << 0x5))), function at exception vector 55 too large)

.vector_56      0x000000009d000900        0x0
 *(.vector_56)
                0x0000000000000001                ASSERT (((_vector_spacing == 0x0) || (SIZEOF (.vector_56) <= (_vector_spacing << 0x5))), function at exception vector 56 too large)

.vector_57      0x000000009d000920        0x0
 *(.vector_57)
                0x0000000000000001                ASSERT (((_vector_spacing == 0x0) || (SIZEOF (.vector_57) <= (_vector_spacing << 0x5))), function at exception vector 57 too large)

.vector_58      0x000000009d000940        0x0
 *(.vector_58)
                0x0000000000000001                ASSERT (((_vector_spacing == 0x0) || (SIZEOF (.vector_58) <= (_vector_spacing << 0x5))), function at exception vector 58 too large)

.vector_59      0x000000009d000960        0x0
 *(.vector_59)
                0x0000000000000001                ASSERT (((_vector_spacing == 0x0) || (SIZEOF (.vector_59) <= (_vector_spacing << 0x5))), function at exception vector 59 too large)

.vector_60      0x000000009d000980        0x0
 *(.vector_60)
                0x0000000000000001                ASSERT (((_vector_spacing == 0x0) || (SIZEOF (.vector_60) <= (_vector_spacing << 0x5))), function at exception vector 60 too large)

.vector_61      0x000000009d0009a0        0x0
 *(.vector_61)
                0x0000000000000001                ASSERT (((_vector_spacing == 0x0) || (SIZEOF (.vector_61) <= (_vector_spacing << 0x5))), function at exception vector 61 too large)

.vector_62      0x000000009d0009c0        0x0
 *(.vector_62)
                0x0000000000000001                ASSERT (((_vector_spacing == 0x0) || (SIZEOF (.vector_62) <= (_vector_spacing << 0x5))), function at exception vector 62 too large)

.vector_63      0x000000009d0009e0        0x0
 *(.vector_63)
                0x0000000000000001                ASSERT (((_vector_spacing == 0x0) || (SIZEOF (.vector_63) <= (_vector_spacing << 0x5))), function at exception vector 63 too large)

.text           0x000000009d001400     0x3904
                0x000000009d001400                _text_begin = .
 *(.text .stub .text.* .gnu.linkonce.t.*)
 .text          0x000000009d001400      0x288 ex5.o
                0x000000009d0014de                main
 .text.putchar  0x000000009d001688        0xc /opt/pic32mx/lib/libc.a(putchar.o)
                0x000000009d001688                putchar
 .text.printf   0x000000009d001694       0x38 /opt/pic32mx/lib/libc.a(printf.o)
                0x000000009d001694                printf
 .text.scanf    0x000000009d0016cc       0x38 /opt/pic32mx/lib/libc.a(scanf.o)
                0x000000009d0016cc                scanf
 .text.fputc    0x000000009d001704      0x144 /opt/pic32mx/lib/libc.a(_fputc_simple.o)
                0x000000009d001704                fputc
 .text.range    0x000000009d001848       0xa4 /opt/pic32mx/lib/libc.a(doscan.o)
 .text.wspace   0x000000009d0018ec       0x54 /opt/pic32mx/lib/libc.a(doscan.o)
 .text.vfscanf  0x000000009d001940      0x70c /opt/pic32mx/lib/libc.a(doscan.o)
                0x000000009d001940                vfscanf
 .text.strtof   0x000000009d00204c        0x8 /opt/pic32mx/lib/libc.a(strtof.o)
                0x000000009d00204c                strtof
 .text.strtodf  0x000000009d002054        0x8 /opt/pic32mx/lib/libc.a(strtof.o)
                0x000000009d002054                strtodf
 .text.strtod   0x000000009d00205c        0x8 /opt/pic32mx/lib/libc.a(strtod.o)
                0x000000009d00205c                strtod
 .text._dstrtod
                0x000000009d002064        0x8 /opt/pic32mx/lib/libc.a(strtod.o)
                0x000000009d002064                _dstrtod
 .text.ungetc   0x000000009d00206c       0x80 /opt/pic32mx/lib/libc.a(ungetc.o)
                0x000000009d00206c                ungetc
 .text.fround   0x000000009d0020ec      0x1b4 /opt/pic32mx/lib/libc.a(doprnt.o)
 .text.scale    0x000000009d0022a0      0x270 /opt/pic32mx/lib/libc.a(doprnt.o)
 .text.vfprintf
                0x000000009d002510     0x1c14 /opt/pic32mx/lib/libc.a(doprnt.o)
                0x000000009d002510                vfprintf
 .text.write    0x000000009d004124       0xa8 /opt/pic32mx/lib/libc.a(write.o)
                0x000000009d004124                write
 .text._flsbuf  0x000000009d0041cc      0x12c /opt/pic32mx/lib/libc.a(_flsbuf_simple.o)
                0x000000009d0041cc                _flsbuf
 .text.fgetc    0x000000009d0042f8      0x114 /opt/pic32mx/lib/libc.a(fgetc.o)
                0x000000009d0042f8                fgetc
 .text.atoi     0x000000009d00440c       0xbc /opt/pic32mx/lib/libc.a(atoi.o)
                0x000000009d00440c                atoi
 .text.tolower  0x000000009d0044c8       0x20 /opt/pic32mx/lib/libc.a(ctypef.o)
                0x000000009d0044c8                tolower
 .text.toupper  0x000000009d0044e8       0x20 /opt/pic32mx/lib/libc.a(ctypef.o)
                0x000000009d0044e8                toupper
 .text.isalnum  0x000000009d004508       0x18 /opt/pic32mx/lib/libc.a(ctypef.o)
                0x000000009d004508                isalnum
 .text.isalpha  0x000000009d004520       0x18 /opt/pic32mx/lib/libc.a(ctypef.o)
                0x000000009d004520                isalpha
 .text.isascii  0x000000009d004538        0x8 /opt/pic32mx/lib/libc.a(ctypef.o)
                0x000000009d004538                isascii
 .text.iscntrl  0x000000009d004540       0x18 /opt/pic32mx/lib/libc.a(ctypef.o)
                0x000000009d004540                iscntrl
 .text.isdigit  0x000000009d004558       0x18 /opt/pic32mx/lib/libc.a(ctypef.o)
                0x000000009d004558                isdigit
 .text.isgraph  0x000000009d004570       0x18 /opt/pic32mx/lib/libc.a(ctypef.o)
                0x000000009d004570                isgraph
 .text.islower  0x000000009d004588       0x18 /opt/pic32mx/lib/libc.a(ctypef.o)
                0x000000009d004588                islower
 .text.isprint  0x000000009d0045a0       0x18 /opt/pic32mx/lib/libc.a(ctypef.o)
                0x000000009d0045a0                isprint
 .text.ispunct  0x000000009d0045b8       0x18 /opt/pic32mx/lib/libc.a(ctypef.o)
                0x000000009d0045b8                ispunct
 .text.isspace  0x000000009d0045d0       0x18 /opt/pic32mx/lib/libc.a(ctypef.o)
                0x000000009d0045d0                isspace
 .text.isupper  0x000000009d0045e8       0x18 /opt/pic32mx/lib/libc.a(ctypef.o)
                0x000000009d0045e8                isupper
 .text.isxdigit
                0x000000009d004600       0x18 /opt/pic32mx/lib/libc.a(ctypef.o)
                0x000000009d004600                isxdigit
 .text.toascii  0x000000009d004618        0x8 /opt/pic32mx/lib/libc.a(ctypef.o)
                0x000000009d004618                toascii
 .text._tolower
                0x000000009d004620        0x8 /opt/pic32mx/lib/libc.a(ctypef.o)
                0x000000009d004620                _tolower
 .text._toupper
                0x000000009d004628        0x8 /opt/pic32mx/lib/libc.a(ctypef.o)
                0x000000009d004628                _toupper
 .text._mon_putc
                0x000000009d004630       0xa4 /opt/pic32mx/lib/libc.a(_mon_putc.o)
                0x000000009d004630                _mon_putc
 .text._filbuf  0x000000009d0046d4      0x194 /opt/pic32mx/lib/libc.a(filbuf.o)
                0x000000009d0046d4                _filbuf
 .text.fflush   0x000000009d004868       0xc4 /opt/pic32mx/lib/libc.a(fflush.o)
                0x000000009d004868                fflush
 .text.read     0x000000009d00492c      0x178 /opt/pic32mx/lib/libc.a(read.o)
                0x000000009d00492c                read
 .text.frexpf   0x000000009d004aa4       0x3c /opt/pic32mx/lib/libxcpp.a(frexpf.o)
                0x000000009d004aa4                frexpf
 .text._FDunscale
                0x000000009d004ae0       0xac /opt/pic32mx/lib/libxcpp.a(xfdunsca.o)
                0x000000009d004ae0                _FDunscale
 .text._FDnorm  0x000000009d004b8c       0xc8 /opt/pic32mx/lib/libxcpp.a(xfdnorm.o)
                0x000000009d004b8c                _FDnorm
 .text          0x000000009d004c54       0xb0 /opt/pic32mx/lib/startup.o
                0x000000009d004cc4                printStr
                0x000000009d004ca4                printInt
                0x000000009d004c84                readInt
                0x000000009d004cfc                resetCoreTimer
                0x000000009d004c74                putChar
                0x000000009d004cd4                readStr
                0x000000009d004ce4                exxt
                0x000000009d004cb4                printInt10
                0x000000009d004c54                inkey
                0x000000009d004c64                getChar
                0x000000009d004c94                readInt10
                0x000000009d004cf4                readCoreTimer
 *(.text.*personality*)
 *(.gnu.warning)
 *(.mips16.fn.*)
 *(.mips16.call.*)
                0x000000009d004d04                _text_end = .

.rodata         0x000000009d004d08      0x8c8
 *(.rodata .rodata.* .gnu.linkonce.r.*)
 .rodata        0x000000009d004d08      0x1e4 /opt/pic32mx/lib/libc.a(doscan.o)
 *fill*         0x000000009d004eec        0x4 00
 .rodata        0x000000009d004ef0      0x3f8 /opt/pic32mx/lib/libc.a(doprnt.o)
 .rodata.cst8   0x000000009d0052e8       0x38 /opt/pic32mx/lib/libc.a(doprnt.o)
                                         0x40 (size before relaxing)
 .rodata.str1.4
                0x000000009d005320       0x2f /opt/pic32mx/lib/libc.a(doprnt.o)
                                         0x30 (size before relaxing)
 *fill*         0x000000009d00534f        0x1 00
 .rodata.cst4   0x000000009d005350        0x4 /opt/pic32mx/lib/libc.a(doprnt.o)
 .rodata        0x000000009d005354      0x104 /opt/pic32mx/lib/libc.a(ctype.o)
                0x000000009d005354                _ctype
 .rodata        0x000000009d005458      0x160 /opt/pic32mx/lib/libc.a(powers.o)
                0x000000009d005458                _npowers_
                0x000000009d005508                _powers_
 .rodata        0x000000009d0055b8       0x15 /opt/pic32mx/lib/startup.o
 *(.rodata1)
                0x000000009d0055d0                . = ALIGN (0x4)
 *fill*         0x000000009d0055cd        0x3 00

.sdata2         0x000000009d0055d0        0x0
 *(.sdata2 .sdata2.* .gnu.linkonce.s2.*)
                0x000000009d0055d0                . = ALIGN (0x4)

.sbss2          0x000000009d0055d0        0x0
 *(.sbss2 .sbss2.* .gnu.linkonce.sb2.*)
                0x000000009d0055d0                . = ALIGN (0x4)

.eh_frame_hdr
 *(.eh_frame_hdr)

.eh_frame
 *(.eh_frame)

.dbg_data       0x00000000a0000000        0x0
                0x00000000a0000000                . = (. + DEFINED (_DEBUGGER)?0x200:0x0)

.data           0x00000000a0000000       0xa0 load address 0x000000009d0055d0
                0x00000000a0000000                _data_begin = .
 *(.data .data.* .gnu.linkonce.d.*)
 .data          0x00000000a0000000       0xa0 /opt/pic32mx/lib/libc.a(_iob.o)
                0x00000000a0000000                _iob
 *(.gnu.linkonce.d.*personality*)
 *(.data1)
                0x000000009d0055d0                _data_image_begin = LOADADDR (.data)

.eh_frame
 *(.eh_frame)
                0x00000000a0008090                _gp = (ALIGN (0x10) + 0x7ff0)

.got
 *(.got.plt)
 *(.got)

.sdata          0x00000000a00000a0        0x8 load address 0x000000009d005670
                0x00000000a00000a0                _sdata_begin = .
 *(.sdata .sdata.* .gnu.linkonce.s.*)
 .sdata         0x00000000a00000a0        0x4 /opt/pic32mx/lib/libc.a(_iob.o)
                0x00000000a00000a0                _Files
 .sdata         0x00000000a00000a4        0x4 /opt/pic32mx/lib/libc.a(c32_uart.o)
                0x00000000a00000a4                __C32_UART
                0x00000000a00000a8                _sdata_end = .

.lit8
 *(.lit8)

.lit4
 *(.lit4)
                0x00000000a00000a8                . = ALIGN (0x4)
                0x00000000a00000a8                _data_end = .
                0x00000000a00000a8                _bss_begin = .

.sbss           0x00000000a00000a8        0x5
                0x00000000a00000a8                _sbss_begin = .
 *(.dynsbss)
 *(.sbss .sbss.* .gnu.linkonce.sb.*)
 .sbss          0x00000000a00000a8        0x4 /opt/pic32mx/lib/libc.a(doscan.o)
 *(.scommon)
 .scommon       0x00000000a00000ac        0x1 /opt/pic32mx/lib/libc.a(_iob.o)
                0x00000000a00000ac                _outdone
                0x00000000a00000ad                _sbss_end = .

.bss            0x00000000a00000b0       0x40
 *(.dynbss)
 *(.bss .bss.* .gnu.linkonce.b.*)
 *(COMMON)
 COMMON         0x00000000a00000b0       0x40 /opt/pic32mx/lib/libc.a(_iob.o)
                0x00000000a00000b0                _sibuf
                0x00000000a00000d0                _sobuf
                0x00000000a00000f0                . = ALIGN (0x4)
                0x00000000a00000f0                . = ALIGN (0x4)
                0x00000000a00000f0                _end = .
                0x00000000a00000f0                _bss_end = .

.persist        0x00000000a00000f0        0x0
 *(.persist)
                0x00000000a00000f0                . = ALIGN (0x4)

.heap           0x00000000a00000f0        0x0
                0x00000000a00000f0                _heap = .
                0x00000000a00000f0                . = (. + _min_heap_size)

.stack          0x00000000a00000f0     0x2000
                0x00000000a00000f0                _splim = .
                0x00000000a00000f0                _SPLIM = .
                0x00000000a00020f0                . = (. + _min_stack_size)
 *fill*         0x00000000a00000f0     0x2000 00

.ramfunc        0x00000000a0002800        0x0 load address 0x000000009d005678
                0x00000000a0002800                _ramfunc_begin = .
 *(.ramfunc .ramfunc.*)
                0x00000000a0002800                . = ALIGN (0x4)
                0x00000000a0002800                _ramfunc_end = .
                0x000000009d005678                _ramfunc_image_begin = LOADADDR (.ramfunc)
                0x0000000000000000                _ramfunc_length = SIZEOF (.ramfunc)
                0x0000000000002800                _bmxdkpba_address = (_ramfunc_begin - 0xa0000000)
                0x0000000000020000                _bmxdudba_address = 0x20000
                0x0000000000020000                _bmxdupba_address = 0x20000
                0x00000000a0020000                _stack = (_ramfunc_length > 0x0)?(_ramfunc_begin - 0x4):0xa0020000
                0x0000000000000001                ASSERT (((_min_stack_size + _min_heap_size) <= (_stack - _heap)), Not enough space to allocate both stack and heap.  Reduce heap and/or stack size.)

.pdr            0x0000000000000000      0x560
 *(.pdr)
 .pdr           0x0000000000000000       0x20 /opt/pic32mx/lib/libc.a(putchar.o)
 .pdr           0x0000000000000020       0x20 /opt/pic32mx/lib/libc.a(printf.o)
 .pdr           0x0000000000000040       0x20 /opt/pic32mx/lib/libc.a(scanf.o)
 .pdr           0x0000000000000060       0x20 /opt/pic32mx/lib/libc.a(_fputc_simple.o)
 .pdr           0x0000000000000080       0x60 /opt/pic32mx/lib/libc.a(doscan.o)
 .pdr           0x00000000000000e0       0x40 /opt/pic32mx/lib/libc.a(strtof.o)
 .pdr           0x0000000000000120       0x40 /opt/pic32mx/lib/libc.a(strtod.o)
 .pdr           0x0000000000000160       0x20 /opt/pic32mx/lib/libc.a(ungetc.o)
 .pdr           0x0000000000000180       0x60 /opt/pic32mx/lib/libc.a(doprnt.o)
 .pdr           0x00000000000001e0       0x20 /opt/pic32mx/lib/libc.a(write.o)
 .pdr           0x0000000000000200       0x20 /opt/pic32mx/lib/libc.a(_flsbuf_simple.o)
 .pdr           0x0000000000000220       0x20 /opt/pic32mx/lib/libc.a(fgetc.o)
 .pdr           0x0000000000000240       0x20 /opt/pic32mx/lib/libc.a(atoi.o)
 .pdr           0x0000000000000260      0x220 /opt/pic32mx/lib/libc.a(ctypef.o)
 .pdr           0x0000000000000480       0x20 /opt/pic32mx/lib/libc.a(_mon_putc.o)
 .pdr           0x00000000000004a0       0x20 /opt/pic32mx/lib/libc.a(filbuf.o)
 .pdr           0x00000000000004c0       0x20 /opt/pic32mx/lib/libc.a(fflush.o)
 .pdr           0x00000000000004e0       0x20 /opt/pic32mx/lib/libc.a(read.o)
 .pdr           0x0000000000000500       0x20 /opt/pic32mx/lib/libxcpp.a(frexpf.o)
 .pdr           0x0000000000000520       0x20 /opt/pic32mx/lib/libxcpp.a(xfdunsca.o)
 .pdr           0x0000000000000540       0x20 /opt/pic32mx/lib/libxcpp.a(xfdnorm.o)

.reginfo        0x0000000000000000       0x18
 *(.reginfo)
 .reginfo       0x0000000000000000       0x18 ex5.o

.stab
 *(.stab)

.stabstr
 *(.stabstr)

.stab.excl
 *(.stab.excl)

.stab.exclstr
 *(.stab.exclstr)

.stab.index
 *(.stab.index)

.stab.indexstr
 *(.stab.indexstr)

.comment        0x0000000000000000      0x777
 *(.comment)
 .comment       0x0000000000000000       0x4d /opt/pic32mx/lib/libc.a(putchar.o)
 .comment       0x000000000000004d       0x4d /opt/pic32mx/lib/libc.a(printf.o)
 .comment       0x000000000000009a       0x4d /opt/pic32mx/lib/libc.a(scanf.o)
 .comment       0x00000000000000e7       0x4d /opt/pic32mx/lib/libc.a(_iob.o)
 .comment       0x0000000000000134       0x4d /opt/pic32mx/lib/libc.a(_fputc_simple.o)
 .comment       0x0000000000000181       0x4d /opt/pic32mx/lib/libc.a(doscan.o)
 .comment       0x00000000000001ce       0x4d /opt/pic32mx/lib/libc.a(strtof.o)
 .comment       0x000000000000021b       0x4d /opt/pic32mx/lib/libc.a(strtod.o)
 .comment       0x0000000000000268       0x4d /opt/pic32mx/lib/libc.a(ungetc.o)
 .comment       0x00000000000002b5       0x4d /opt/pic32mx/lib/libc.a(doprnt.o)
 .comment       0x0000000000000302       0x4d /opt/pic32mx/lib/libc.a(write.o)
 .comment       0x000000000000034f       0x4d /opt/pic32mx/lib/libc.a(_flsbuf_simple.o)
 .comment       0x000000000000039c       0x4d /opt/pic32mx/lib/libc.a(fgetc.o)
 .comment       0x00000000000003e9       0x4d /opt/pic32mx/lib/libc.a(atoi.o)
 .comment       0x0000000000000436       0x9b /opt/pic32mx/lib/libc.a(ctype.o)
 .comment       0x00000000000004d1       0x9c /opt/pic32mx/lib/libc.a(ctypef.o)
 .comment       0x000000000000056d       0x4d /opt/pic32mx/lib/libc.a(powers.o)
 .comment       0x00000000000005ba       0x4d /opt/pic32mx/lib/libc.a(_mon_putc.o)
 .comment       0x0000000000000607       0x4d /opt/pic32mx/lib/libc.a(filbuf.o)
 .comment       0x0000000000000654       0x4d /opt/pic32mx/lib/libc.a(fflush.o)
 .comment       0x00000000000006a1       0x4d /opt/pic32mx/lib/libc.a(c32_uart.o)
 .comment       0x00000000000006ee       0x4d /opt/pic32mx/lib/libc.a(read.o)
 .comment       0x000000000000073b       0x3c /opt/pic32mx/lib/libxcpp.a(frexpf.o)
                                         0x3d (size before relaxing)
 .comment       0x0000000000000777        0x0 /opt/pic32mx/lib/libxcpp.a(xfdunsca.o)
                                         0x3d (size before relaxing)
 .comment       0x0000000000000777        0x0 /opt/pic32mx/lib/libxcpp.a(xfdnorm.o)
                                         0x3d (size before relaxing)

.debug
 *(.debug)

.line
 *(.line)

.debug_srcinfo
 *(.debug_srcinfo)

.debug_sfnames
 *(.debug_sfnames)

.debug_aranges  0x0000000000000000      0x3e0
 *(.debug_aranges)
 .debug_aranges
                0x0000000000000000       0x28 /opt/pic32mx/lib/libc.a(putchar.o)
 .debug_aranges
                0x0000000000000028       0x28 /opt/pic32mx/lib/libc.a(printf.o)
 .debug_aranges
                0x0000000000000050       0x28 /opt/pic32mx/lib/libc.a(scanf.o)
 .debug_aranges
                0x0000000000000078       0x28 /opt/pic32mx/lib/libc.a(_fputc_simple.o)
 .debug_aranges
                0x00000000000000a0       0x38 /opt/pic32mx/lib/libc.a(doscan.o)
 .debug_aranges
                0x00000000000000d8       0x30 /opt/pic32mx/lib/libc.a(strtof.o)
 .debug_aranges
                0x0000000000000108       0x30 /opt/pic32mx/lib/libc.a(strtod.o)
 .debug_aranges
                0x0000000000000138       0x28 /opt/pic32mx/lib/libc.a(ungetc.o)
 .debug_aranges
                0x0000000000000160       0x38 /opt/pic32mx/lib/libc.a(doprnt.o)
 .debug_aranges
                0x0000000000000198       0x28 /opt/pic32mx/lib/libc.a(write.o)
 .debug_aranges
                0x00000000000001c0       0x28 /opt/pic32mx/lib/libc.a(_flsbuf_simple.o)
 .debug_aranges
                0x00000000000001e8       0x28 /opt/pic32mx/lib/libc.a(fgetc.o)
 .debug_aranges
                0x0000000000000210       0x28 /opt/pic32mx/lib/libc.a(atoi.o)
 .debug_aranges
                0x0000000000000238       0xa8 /opt/pic32mx/lib/libc.a(ctypef.o)
 .debug_aranges
                0x00000000000002e0       0x28 /opt/pic32mx/lib/libc.a(_mon_putc.o)
 .debug_aranges
                0x0000000000000308       0x28 /opt/pic32mx/lib/libc.a(filbuf.o)
 .debug_aranges
                0x0000000000000330       0x28 /opt/pic32mx/lib/libc.a(fflush.o)
 .debug_aranges
                0x0000000000000358       0x28 /opt/pic32mx/lib/libc.a(read.o)
 .debug_aranges
                0x0000000000000380       0x20 /opt/pic32mx/lib/libxcpp.a(frexpf.o)
 .debug_aranges
                0x00000000000003a0       0x20 /opt/pic32mx/lib/libxcpp.a(xfdunsca.o)
 .debug_aranges
                0x00000000000003c0       0x20 /opt/pic32mx/lib/libxcpp.a(xfdnorm.o)

.debug_pubnames
                0x0000000000000000      0x3f8
 *(.debug_pubnames)
 .debug_pubnames
                0x0000000000000000       0x1e /opt/pic32mx/lib/libc.a(putchar.o)
 .debug_pubnames
                0x000000000000001e       0x1d /opt/pic32mx/lib/libc.a(printf.o)
 .debug_pubnames
                0x000000000000003b       0x1c /opt/pic32mx/lib/libc.a(scanf.o)
 .debug_pubnames
                0x0000000000000057       0x49 /opt/pic32mx/lib/libc.a(_iob.o)
 .debug_pubnames
                0x00000000000000a0       0x1c /opt/pic32mx/lib/libc.a(_fputc_simple.o)
 .debug_pubnames
                0x00000000000000bc       0x1e /opt/pic32mx/lib/libc.a(doscan.o)
 .debug_pubnames
                0x00000000000000da       0x29 /opt/pic32mx/lib/libc.a(strtof.o)
 .debug_pubnames
                0x0000000000000103       0x2a /opt/pic32mx/lib/libc.a(strtod.o)
 .debug_pubnames
                0x000000000000012d       0x1d /opt/pic32mx/lib/libc.a(ungetc.o)
 .debug_pubnames
                0x000000000000014a       0x1f /opt/pic32mx/lib/libc.a(doprnt.o)
 .debug_pubnames
                0x0000000000000169       0x1c /opt/pic32mx/lib/libc.a(write.o)
 .debug_pubnames
                0x0000000000000185       0x1e /opt/pic32mx/lib/libc.a(_flsbuf_simple.o)
 .debug_pubnames
                0x00000000000001a3       0x1c /opt/pic32mx/lib/libc.a(fgetc.o)
 .debug_pubnames
                0x00000000000001bf       0x1b /opt/pic32mx/lib/libc.a(atoi.o)
 .debug_pubnames
                0x00000000000001da       0x1d /opt/pic32mx/lib/libc.a(ctype.o)
 .debug_pubnames
                0x00000000000001f7       0xe1 /opt/pic32mx/lib/libc.a(ctypef.o)
 .debug_pubnames
                0x00000000000002d8       0x2d /opt/pic32mx/lib/libc.a(powers.o)
 .debug_pubnames
                0x0000000000000305       0x20 /opt/pic32mx/lib/libc.a(_mon_putc.o)
 .debug_pubnames
                0x0000000000000325       0x1e /opt/pic32mx/lib/libc.a(filbuf.o)
 .debug_pubnames
                0x0000000000000343       0x1d /opt/pic32mx/lib/libc.a(fflush.o)
 .debug_pubnames
                0x0000000000000360       0x21 /opt/pic32mx/lib/libc.a(c32_uart.o)
 .debug_pubnames
                0x0000000000000381       0x1b /opt/pic32mx/lib/libc.a(read.o)
 .debug_pubnames
                0x000000000000039c       0x1d /opt/pic32mx/lib/libxcpp.a(frexpf.o)
 .debug_pubnames
                0x00000000000003b9       0x21 /opt/pic32mx/lib/libxcpp.a(xfdunsca.o)
 .debug_pubnames
                0x00000000000003da       0x1e /opt/pic32mx/lib/libxcpp.a(xfdnorm.o)

.debug_info     0x0000000000000000     0x1dc5
 *(.debug_info .gnu.linkonce.wi.*)
 .debug_info    0x0000000000000000      0x10c /opt/pic32mx/lib/libc.a(putchar.o)
 .debug_info    0x000000000000010c      0x13e /opt/pic32mx/lib/libc.a(printf.o)
 .debug_info    0x000000000000024a      0x13c /opt/pic32mx/lib/libc.a(scanf.o)
 .debug_info    0x0000000000000386      0x150 /opt/pic32mx/lib/libc.a(_iob.o)
 .debug_info    0x00000000000004d6      0x12a /opt/pic32mx/lib/libc.a(_fputc_simple.o)
 .debug_info    0x0000000000000600      0x297 /opt/pic32mx/lib/libc.a(doscan.o)
 .debug_info    0x0000000000000897      0x11f /opt/pic32mx/lib/libc.a(strtof.o)
 .debug_info    0x00000000000009b6       0xf5 /opt/pic32mx/lib/libc.a(strtod.o)
 .debug_info    0x0000000000000aab       0xfe /opt/pic32mx/lib/libc.a(ungetc.o)
 .debug_info    0x0000000000000ba9      0x3dd /opt/pic32mx/lib/libc.a(doprnt.o)
 .debug_info    0x0000000000000f86       0x7c /opt/pic32mx/lib/libc.a(write.o)
 .debug_info    0x0000000000001002      0x122 /opt/pic32mx/lib/libc.a(_flsbuf_simple.o)
 .debug_info    0x0000000000001124      0x107 /opt/pic32mx/lib/libc.a(fgetc.o)
 .debug_info    0x000000000000122b       0xaf /opt/pic32mx/lib/libc.a(atoi.o)
 .debug_info    0x00000000000012da       0x61 /opt/pic32mx/lib/libc.a(ctype.o)
 .debug_info    0x000000000000133b      0x2e5 /opt/pic32mx/lib/libc.a(ctypef.o)
 .debug_info    0x0000000000001620       0x87 /opt/pic32mx/lib/libc.a(powers.o)
 .debug_info    0x00000000000016a7       0xfb /opt/pic32mx/lib/libc.a(_mon_putc.o)
 .debug_info    0x00000000000017a2      0x148 /opt/pic32mx/lib/libc.a(filbuf.o)
 .debug_info    0x00000000000018ea       0xf1 /opt/pic32mx/lib/libc.a(fflush.o)
 .debug_info    0x00000000000019db       0x3f /opt/pic32mx/lib/libc.a(c32_uart.o)
 .debug_info    0x0000000000001a1a      0x19f /opt/pic32mx/lib/libc.a(read.o)
 .debug_info    0x0000000000001bb9       0xac /opt/pic32mx/lib/libxcpp.a(frexpf.o)
 .debug_info    0x0000000000001c65       0xb2 /opt/pic32mx/lib/libxcpp.a(xfdunsca.o)
 .debug_info    0x0000000000001d17       0xae /opt/pic32mx/lib/libxcpp.a(xfdnorm.o)

.debug_abbrev   0x0000000000000000      0xe63
 *(.debug_abbrev)
 .debug_abbrev  0x0000000000000000       0xa5 /opt/pic32mx/lib/libc.a(putchar.o)
 .debug_abbrev  0x00000000000000a5       0xc7 /opt/pic32mx/lib/libc.a(printf.o)
 .debug_abbrev  0x000000000000016c       0xc5 /opt/pic32mx/lib/libc.a(scanf.o)
 .debug_abbrev  0x0000000000000231       0x81 /opt/pic32mx/lib/libc.a(_iob.o)
 .debug_abbrev  0x00000000000002b2       0xb4 /opt/pic32mx/lib/libc.a(_fputc_simple.o)
 .debug_abbrev  0x0000000000000366      0x123 /opt/pic32mx/lib/libc.a(doscan.o)
 .debug_abbrev  0x0000000000000489       0x9e /opt/pic32mx/lib/libc.a(strtof.o)
 .debug_abbrev  0x0000000000000527       0x9e /opt/pic32mx/lib/libc.a(strtod.o)
 .debug_abbrev  0x00000000000005c5       0x8f /opt/pic32mx/lib/libc.a(ungetc.o)
 .debug_abbrev  0x0000000000000654      0x18d /opt/pic32mx/lib/libc.a(doprnt.o)
 .debug_abbrev  0x00000000000007e1       0x73 /opt/pic32mx/lib/libc.a(write.o)
 .debug_abbrev  0x0000000000000854       0xa7 /opt/pic32mx/lib/libc.a(_flsbuf_simple.o)
 .debug_abbrev  0x00000000000008fb       0x9c /opt/pic32mx/lib/libc.a(fgetc.o)
 .debug_abbrev  0x0000000000000997       0x9b /opt/pic32mx/lib/libc.a(atoi.o)
 .debug_abbrev  0x0000000000000a32       0x49 /opt/pic32mx/lib/libc.a(ctype.o)
 .debug_abbrev  0x0000000000000a7b       0x74 /opt/pic32mx/lib/libc.a(ctypef.o)
 .debug_abbrev  0x0000000000000aef       0x49 /opt/pic32mx/lib/libc.a(powers.o)
 .debug_abbrev  0x0000000000000b38       0x89 /opt/pic32mx/lib/libc.a(_mon_putc.o)
 .debug_abbrev  0x0000000000000bc1       0xbd /opt/pic32mx/lib/libc.a(filbuf.o)
 .debug_abbrev  0x0000000000000c7e       0x80 /opt/pic32mx/lib/libc.a(fflush.o)
 .debug_abbrev  0x0000000000000cfe       0x30 /opt/pic32mx/lib/libc.a(c32_uart.o)
 .debug_abbrev  0x0000000000000d2e       0xc6 /opt/pic32mx/lib/libc.a(read.o)
 .debug_abbrev  0x0000000000000df4       0x25 /opt/pic32mx/lib/libxcpp.a(frexpf.o)
 .debug_abbrev  0x0000000000000e19       0x25 /opt/pic32mx/lib/libxcpp.a(xfdunsca.o)
 .debug_abbrev  0x0000000000000e3e       0x25 /opt/pic32mx/lib/libxcpp.a(xfdnorm.o)

.debug_line     0x0000000000000000     0x2b94
 *(.debug_line)
 .debug_line    0x0000000000000000      0x1ab /opt/pic32mx/lib/libc.a(putchar.o)
 .debug_line    0x00000000000001ab      0x161 /opt/pic32mx/lib/libc.a(printf.o)
 .debug_line    0x000000000000030c      0x1bb /opt/pic32mx/lib/libc.a(scanf.o)
 .debug_line    0x00000000000004c7      0x196 /opt/pic32mx/lib/libc.a(_iob.o)
 .debug_line    0x000000000000065d      0x197 /opt/pic32mx/lib/libc.a(_fputc_simple.o)
 .debug_line    0x00000000000007f4      0x377 /opt/pic32mx/lib/libc.a(doscan.o)
 .debug_line    0x0000000000000b6b      0x1fe /opt/pic32mx/lib/libc.a(strtof.o)
 .debug_line    0x0000000000000d69      0x1b1 /opt/pic32mx/lib/libc.a(strtod.o)
 .debug_line    0x0000000000000f1a      0x1c1 /opt/pic32mx/lib/libc.a(ungetc.o)
 .debug_line    0x00000000000010db      0x71b /opt/pic32mx/lib/libc.a(doprnt.o)
 .debug_line    0x00000000000017f6       0xc2 /opt/pic32mx/lib/libc.a(write.o)
 .debug_line    0x00000000000018b8      0x19d /opt/pic32mx/lib/libc.a(_flsbuf_simple.o)
 .debug_line    0x0000000000001a55      0x1e2 /opt/pic32mx/lib/libc.a(fgetc.o)
 .debug_line    0x0000000000001c37      0x1bb /opt/pic32mx/lib/libc.a(atoi.o)
 .debug_line    0x0000000000001df2      0x102 /opt/pic32mx/lib/libc.a(ctype.o)
 .debug_line    0x0000000000001ef4      0x254 /opt/pic32mx/lib/libc.a(ctypef.o)
 .debug_line    0x0000000000002148      0x18d /opt/pic32mx/lib/libc.a(powers.o)
 .debug_line    0x00000000000022d5       0xd3 /opt/pic32mx/lib/libc.a(_mon_putc.o)
 .debug_line    0x00000000000023a8      0x205 /opt/pic32mx/lib/libc.a(filbuf.o)
 .debug_line    0x00000000000025ad      0x1e4 /opt/pic32mx/lib/libc.a(fflush.o)
 .debug_line    0x0000000000002791       0x8f /opt/pic32mx/lib/libc.a(c32_uart.o)
 .debug_line    0x0000000000002820      0x20b /opt/pic32mx/lib/libc.a(read.o)
 .debug_line    0x0000000000002a2b       0x78 /opt/pic32mx/lib/libxcpp.a(frexpf.o)
 .debug_line    0x0000000000002aa3       0x79 /opt/pic32mx/lib/libxcpp.a(xfdunsca.o)
 .debug_line    0x0000000000002b1c       0x78 /opt/pic32mx/lib/libxcpp.a(xfdnorm.o)

.debug_frame    0x0000000000000000      0x524
 *(.debug_frame)
 .debug_frame   0x0000000000000000       0x20 /opt/pic32mx/lib/libc.a(putchar.o)
 .debug_frame   0x0000000000000020       0x28 /opt/pic32mx/lib/libc.a(printf.o)
 .debug_frame   0x0000000000000048       0x28 /opt/pic32mx/lib/libc.a(scanf.o)
 .debug_frame   0x0000000000000070       0x30 /opt/pic32mx/lib/libc.a(_fputc_simple.o)
 .debug_frame   0x00000000000000a0       0x80 /opt/pic32mx/lib/libc.a(doscan.o)
 .debug_frame   0x0000000000000120       0x30 /opt/pic32mx/lib/libc.a(strtof.o)
 .debug_frame   0x0000000000000150       0x30 /opt/pic32mx/lib/libc.a(strtod.o)
 .debug_frame   0x0000000000000180       0x20 /opt/pic32mx/lib/libc.a(ungetc.o)
 .debug_frame   0x00000000000001a0       0x8c /opt/pic32mx/lib/libc.a(doprnt.o)
 .debug_frame   0x000000000000022c       0x34 /opt/pic32mx/lib/libc.a(write.o)
 .debug_frame   0x0000000000000260       0x2c /opt/pic32mx/lib/libc.a(_flsbuf_simple.o)
 .debug_frame   0x000000000000028c       0x2c /opt/pic32mx/lib/libc.a(fgetc.o)
 .debug_frame   0x00000000000002b8       0x20 /opt/pic32mx/lib/libc.a(atoi.o)
 .debug_frame   0x00000000000002d8      0x120 /opt/pic32mx/lib/libc.a(ctypef.o)
 .debug_frame   0x00000000000003f8       0x20 /opt/pic32mx/lib/libc.a(_mon_putc.o)
 .debug_frame   0x0000000000000418       0x34 /opt/pic32mx/lib/libc.a(filbuf.o)
 .debug_frame   0x000000000000044c       0x2c /opt/pic32mx/lib/libc.a(fflush.o)
 .debug_frame   0x0000000000000478       0x34 /opt/pic32mx/lib/libc.a(read.o)
 .debug_frame   0x00000000000004ac       0x2c /opt/pic32mx/lib/libxcpp.a(frexpf.o)
 .debug_frame   0x00000000000004d8       0x2c /opt/pic32mx/lib/libxcpp.a(xfdunsca.o)
 .debug_frame   0x0000000000000504       0x20 /opt/pic32mx/lib/libxcpp.a(xfdnorm.o)

.debug_str      0x0000000000000000      0xbdb
 *(.debug_str)
 .debug_str     0x0000000000000000      0x10f /opt/pic32mx/lib/libc.a(putchar.o)
                                        0x13c (size before relaxing)
 .debug_str     0x000000000000010f       0x7e /opt/pic32mx/lib/libc.a(printf.o)
                                        0x153 (size before relaxing)
 .debug_str     0x000000000000018d       0x6c /opt/pic32mx/lib/libc.a(scanf.o)
                                        0x14a (size before relaxing)
 .debug_str     0x00000000000001f9       0x89 /opt/pic32mx/lib/libc.a(_iob.o)
                                        0x14f (size before relaxing)
 .debug_str     0x0000000000000282       0x1b /opt/pic32mx/lib/libc.a(_fputc_simple.o)
                                        0x149 (size before relaxing)
 .debug_str     0x000000000000029d       0xb7 /opt/pic32mx/lib/libc.a(doscan.o)
                                        0x199 (size before relaxing)
 .debug_str     0x0000000000000354       0xae /opt/pic32mx/lib/libc.a(strtof.o)
                                        0x160 (size before relaxing)
 .debug_str     0x0000000000000402       0x8b /opt/pic32mx/lib/libc.a(strtod.o)
                                        0x10b (size before relaxing)
 .debug_str     0x000000000000048d       0x7b /opt/pic32mx/lib/libc.a(ungetc.o)
                                        0x13c (size before relaxing)
 .debug_str     0x0000000000000508       0xa1 /opt/pic32mx/lib/libc.a(doprnt.o)
                                        0x22c (size before relaxing)
 .debug_str     0x00000000000005a9       0x7c /opt/pic32mx/lib/libc.a(write.o)
                                         0xd6 (size before relaxing)
 .debug_str     0x0000000000000625       0x18 /opt/pic32mx/lib/libc.a(_flsbuf_simple.o)
                                        0x144 (size before relaxing)
 .debug_str     0x000000000000063d       0x79 /opt/pic32mx/lib/libc.a(fgetc.o)
                                        0x13a (size before relaxing)
 .debug_str     0x00000000000006b6       0x70 /opt/pic32mx/lib/libc.a(atoi.o)
                                         0xfe (size before relaxing)
 .debug_str     0x0000000000000726       0x6c /opt/pic32mx/lib/libc.a(ctype.o)
                                         0xd1 (size before relaxing)
 .debug_str     0x0000000000000792       0xe8 /opt/pic32mx/lib/libc.a(ctypef.o)
                                        0x14b (size before relaxing)
 .debug_str     0x000000000000087a       0x6d /opt/pic32mx/lib/libc.a(powers.o)
                                         0xe5 (size before relaxing)
 .debug_str     0x00000000000008e7       0xe1 /opt/pic32mx/lib/libc.a(_mon_putc.o)
                                        0x13a (size before relaxing)
 .debug_str     0x00000000000009c8       0x75 /opt/pic32mx/lib/libc.a(filbuf.o)
                                        0x152 (size before relaxing)
 .debug_str     0x0000000000000a3d       0x74 /opt/pic32mx/lib/libc.a(fflush.o)
                                        0x135 (size before relaxing)
 .debug_str     0x0000000000000ab1       0x6f /opt/pic32mx/lib/libc.a(c32_uart.o)
                                         0xc1 (size before relaxing)
 .debug_str     0x0000000000000b20       0xbb /opt/pic32mx/lib/libc.a(read.o)
                                        0x196 (size before relaxing)

.debug_loc
 *(.debug_loc)

.debug_macinfo  0x0000000000000000    0x213f6
 *(.debug_macinfo)
 .debug_macinfo
                0x0000000000000000     0x1e51 /opt/pic32mx/lib/libc.a(putchar.o)
 .debug_macinfo
                0x0000000000001e51     0x1f4f /opt/pic32mx/lib/libc.a(printf.o)
 .debug_macinfo
                0x0000000000003da0     0x1f5a /opt/pic32mx/lib/libc.a(scanf.o)
 .debug_macinfo
                0x0000000000005cfa     0x1e4e /opt/pic32mx/lib/libc.a(_iob.o)
 .debug_macinfo
                0x0000000000007b48     0x1e8f /opt/pic32mx/lib/libc.a(_fputc_simple.o)
 .debug_macinfo
                0x00000000000099d7     0x23be /opt/pic32mx/lib/libc.a(doscan.o)
 .debug_macinfo
                0x000000000000bd95     0x13be /opt/pic32mx/lib/libc.a(strtof.o)
 .debug_macinfo
                0x000000000000d153      0xbb6 /opt/pic32mx/lib/libc.a(strtod.o)
 .debug_macinfo
                0x000000000000dd09     0x1e47 /opt/pic32mx/lib/libc.a(ungetc.o)
 .debug_macinfo
                0x000000000000fb50     0x2dd8 /opt/pic32mx/lib/libc.a(doprnt.o)
 .debug_macinfo
                0x0000000000012928      0x92f /opt/pic32mx/lib/libc.a(write.o)
 .debug_macinfo
                0x0000000000013257     0x1eb3 /opt/pic32mx/lib/libc.a(_flsbuf_simple.o)
 .debug_macinfo
                0x000000000001510a     0x1e58 /opt/pic32mx/lib/libc.a(fgetc.o)
 .debug_macinfo
                0x0000000000016f62      0xf15 /opt/pic32mx/lib/libc.a(atoi.o)
 .debug_macinfo
                0x0000000000017e77      0xcd9 /opt/pic32mx/lib/libc.a(ctype.o)
 .debug_macinfo
                0x0000000000018b50      0xc8e /opt/pic32mx/lib/libc.a(ctypef.o)
 .debug_macinfo
                0x00000000000197de      0xda7 /opt/pic32mx/lib/libc.a(powers.o)
 .debug_macinfo
                0x000000000001a585      0x9bc /opt/pic32mx/lib/libc.a(_mon_putc.o)
 .debug_macinfo
                0x000000000001af41     0x1e59 /opt/pic32mx/lib/libc.a(filbuf.o)
 .debug_macinfo
                0x000000000001cd9a     0x1e59 /opt/pic32mx/lib/libc.a(fflush.o)
 .debug_macinfo
                0x000000000001ebf3      0x92f /opt/pic32mx/lib/libc.a(c32_uart.o)
 .debug_macinfo
                0x000000000001f522     0x1ed4 /opt/pic32mx/lib/libc.a(read.o)

.debug_weaknames
 *(.debug_weaknames)

.debug_funcnames
 *(.debug_funcnames)

.debug_typenames
 *(.debug_typenames)

.debug_varnames
 *(.debug_varnames)

/DISCARD/
 *(.note.GNU-stack)
OUTPUT(ex5.elf elf32-tradlittlemips)

.mdebug.abi32   0x00000000a0002800        0x0

.rel.dyn        0x000000009d005678        0x0

.debug_ranges   0x000000009d005678       0xa0
 .debug_ranges  0x000000009d005678       0x40 /opt/pic32mx/lib/libc.a(doprnt.o)
 .debug_ranges  0x000000009d0056b8       0x18 /opt/pic32mx/lib/libc.a(filbuf.o)
 .debug_ranges  0x000000009d0056d0       0x18 /opt/pic32mx/lib/libc.a(read.o)
 .debug_ranges  0x000000009d0056e8       0x10 /opt/pic32mx/lib/libxcpp.a(frexpf.o)
 .debug_ranges  0x000000009d0056f8       0x10 /opt/pic32mx/lib/libxcpp.a(xfdunsca.o)
 .debug_ranges  0x000000009d005708       0x10 /opt/pic32mx/lib/libxcpp.a(xfdnorm.o)
